Release 14.6 - xst P.68d (lin64)
Copyright (c) 1995-2013 Xilinx, Inc.  All rights reserved.
--> 
Parameter TMPDIR set to xst/projnav.tmp


Total REAL time to Xst completion: 1.00 secs
Total CPU time to Xst completion: 0.06 secs
 
--> 
Parameter xsthdpdir set to xst


Total REAL time to Xst completion: 1.00 secs
Total CPU time to Xst completion: 0.06 secs
 
--> 
WARNING:Xst:1583 - You are using an internal switch '-use_new_parser'.
Reading design: cpu_instructor_copy.prj

TABLE OF CONTENTS
  1) Synthesis Options Summary
  2) HDL Parsing
  3) HDL Elaboration
  4) HDL Synthesis
       4.1) HDL Synthesis Report
  5) Advanced HDL Synthesis
       5.1) Advanced HDL Synthesis Report
  6) Low Level Synthesis
  7) Partition Report
  8) Design Summary
       8.1) Primitive and Black Box Usage
       8.2) Device utilization summary
       8.3) Partition Resource Summary
       8.4) Timing Report
            8.4.1) Clock Information
            8.4.2) Asynchronous Control Signals Information
            8.4.3) Timing Summary
            8.4.4) Timing Details
            8.4.5) Cross Clock Domains Report


=========================================================================
*                      Synthesis Options Summary                        *
=========================================================================
---- Source Parameters
Input File Name                    : "cpu_instructor_copy.prj"
Ignore Synthesis Constraint File   : NO

---- Target Parameters
Output File Name                   : "cpu_instructor_copy"
Output Format                      : NGC
Target Device                      : xc6slx16-3-csg324

---- Source Options
Use New Parser                     : yes
Top Module Name                    : cpu_instructor_copy
Automatic FSM Extraction           : YES
FSM Encoding Algorithm             : Auto
Safe Implementation                : No
FSM Style                          : LUT
RAM Extraction                     : Yes
RAM Style                          : Auto
ROM Extraction                     : Yes
Shift Register Extraction          : YES
ROM Style                          : Auto
Resource Sharing                   : YES
Asynchronous To Synchronous        : NO
Shift Register Minimum Size        : 2
Use DSP Block                      : Auto
Automatic Register Balancing       : No

---- Target Options
LUT Combining                      : Auto
Reduce Control Sets                : Auto
Add IO Buffers                     : YES
Global Maximum Fanout              : 100000
Add Generic Clock Buffer(BUFG)     : 16
Register Duplication               : YES
Optimize Instantiated Primitives   : NO
Use Clock Enable                   : Auto
Use Synchronous Set                : Auto
Use Synchronous Reset              : Auto
Pack IO Registers into IOBs        : Auto
Equivalent register Removal        : YES

---- General Options
Optimization Goal                  : Speed
Optimization Effort                : 1
Power Reduction                    : NO
Keep Hierarchy                     : No
Netlist Hierarchy                  : As_Optimized
RTL Output                         : Yes
Global Optimization                : AllClockNets
Read Cores                         : YES
Write Timing Constraints           : NO
Cross Clock Analysis               : NO
Hierarchy Separator                : /
Bus Delimiter                      : <>
Case Specifier                     : Maintain
Slice Utilization Ratio            : 100
BRAM Utilization Ratio             : 100
DSP48 Utilization Ratio            : 100
Auto BRAM Packing                  : NO
Slice Utilization Ratio Delta      : 5

---- Other Options
Cores Search Directories           : {"ipcore_dir"  }

=========================================================================


=========================================================================
*                          HDL Parsing                                  *
=========================================================================
Parsing VHDL file "/home/main/git/FPGA/ipcore_dir/memory.vhd" into library work
Parsing entity <memory>.
Parsing architecture <memory_a> of entity <memory>.
Parsing VHDL file "/home/main/git/FPGA/cpu_instructor_copy.vhd" into library work
Parsing entity <cpu_instructor_copy>.
Parsing architecture <Behavioral> of entity <cpu_instructor_copy>.

=========================================================================
*                            HDL Elaboration                            *
=========================================================================

Elaborating entity <cpu_instructor_copy> (architecture <Behavioral>) from library <work>.

Elaborating entity <memory> (architecture <memory_a>) from library <work>.

=========================================================================
*                           HDL Synthesis                               *
=========================================================================

Synthesizing Unit <cpu_instructor_copy>.
    Related source file is "/home/main/git/FPGA/cpu_instructor_copy.vhd".
    Found 23-bit register for signal <clock_divider.counter>.
    Found 5-bit register for signal <brain.pc>.
    Found 1-bit register for signal <cpu_clock>.
    Found 8-bit register for signal <brain.current_opcode>.
    Found 8-bit register for signal <register_a>.
    Found 1-bit register for signal <flags_carry>.
    Found 16-bit register for signal <mem_addr>.
    Found 8-bit register for signal <mem_data_in>.
    Found 16-bit register for signal <brain.wide_buffer_int>.
    Found 4-bit register for signal <brain.delay>.
    Found 1-bit register for signal <mem_we>.
    Found 8-bit register for signal <portb>.
    Found 8-bit register for signal <portc>.
    Found 8-bit register for signal <portd>.
    Found finite state machine <FSM_0> for signal <brain.delay>.
    -----------------------------------------------------------------------
    | States             | 3                                              |
    | Transitions        | 12                                             |
    | Inputs             | 3                                              |
    | Outputs            | 6                                              |
    | Clock              | cpu_clock (rising_edge)                        |
    | Power Up State     | 0000                                           |
    | Encoding           | auto                                           |
    | Implementation     | LUT                                            |
    -----------------------------------------------------------------------
    Found 5-bit adder for signal <n0260> created at line 243.
    Found 5-bit adder for signal <n0251> created at line 247.
    Found 9-bit adder for signal <n0236> created at line 255.
    Found 5-bit adder for signal <brain.pc[4]_GND_6_o_add_43_OUT> created at line 276.
    Found 5-bit adder for signal <brain.pc[4]_GND_6_o_add_93_OUT> created at line 329.
    Found 5-bit adder for signal <brain.pc[4]_GND_6_o_add_96_OUT> created at line 333.
    Found 9-bit adder for signal <n0198> created at line 358.
    Found 5-bit adder for signal <GND_6_o_GND_6_o_add_158_OUT> created at line 367.
    Found 23-bit adder for signal <clock_divider.counter[22]_GND_6_o_add_192_OUT> created at line 385.
    Found 5-bit subtractor for signal <GND_6_o_GND_6_o_sub_14_OUT<4:0>> created at line 245.
    Found 8-bit subtractor for signal <GND_6_o_GND_6_o_sub_25_OUT<7:0>> created at line 258.
    Found 5-bit subtractor for signal <GND_6_o_GND_6_o_sub_96_OUT<4:0>> created at line 331.
    Found 8-bit shifter logical left for signal <register_a[7]_brain.pc[4]_shift_left_27_OUT> created at line 261
    Found 8-bit shifter logical right for signal <register_a[7]_brain.pc[4]_shift_right_30_OUT> created at line 264
    Found 8x8-bit multiplier for signal <n0168> created at line 267.
    Found 8-bit shifter rotate left for signal <register_a[7]_brain.pc[4]_rotate_left_36_OUT> created at line 270
    Found 8-bit shifter rotate right for signal <register_a[7]_brain.pc[4]_rotate_right_39_OUT> created at line 273
    Found 32x8-bit Read Only RAM for signal <brain.pc[4]_X_6_o_wide_mux_6_OUT>
    Found 32x8-bit Read Only RAM for signal <brain.pc[4]_X_6_o_wide_mux_12_OUT>
    Found 32x8-bit Read Only RAM for signal <brain.pc[4]_X_6_o_wide_mux_15_OUT>
    Found 32x8-bit Read Only RAM for signal <brain.pc[4]_X_6_o_wide_mux_44_OUT>
    Found 32x8-bit Read Only RAM for signal <brain.pc[4]_X_6_o_wide_mux_94_OUT>
    Found 5-bit comparator greater for signal <n0009> created at line 235
    Found 9-bit comparator greater for signal <GND_6_o_BUS_0005_LessThan_20_o> created at line 251
    Found 8-bit comparator not equal for signal <n0054> created at line 326
    Found 8-bit comparator not equal for signal <n0061> created at line 345
    Summary:
	inferred   5 RAM(s).
	inferred   1 Multiplier(s).
	inferred  11 Adder/Subtractor(s).
	inferred 115 D-type flip-flop(s).
	inferred   4 Comparator(s).
	inferred  15 Multiplexer(s).
	inferred   4 Combinational logic shifter(s).
	inferred   1 Finite State Machine(s).
Unit <cpu_instructor_copy> synthesized.

=========================================================================
HDL Synthesis Report

Macro Statistics
# RAMs                                                 : 5
 32x8-bit single-port Read Only RAM                    : 5
# Multipliers                                          : 1
 8x8-bit multiplier                                    : 1
# Adders/Subtractors                                   : 11
 23-bit adder                                          : 1
 5-bit adder                                           : 5
 5-bit addsub                                          : 1
 5-bit subtractor                                      : 1
 8-bit subtractor                                      : 1
 9-bit adder                                           : 2
# Registers                                            : 14
 1-bit register                                        : 3
 16-bit register                                       : 2
 23-bit register                                       : 1
 4-bit register                                        : 1
 5-bit register                                        : 1
 8-bit register                                        : 6
# Comparators                                          : 4
 5-bit comparator greater                              : 1
 8-bit comparator not equal                            : 2
 9-bit comparator greater                              : 1
# Multiplexers                                         : 15
 1-bit 2-to-1 multiplexer                              : 2
 4-bit 2-to-1 multiplexer                              : 1
 5-bit 2-to-1 multiplexer                              : 6
 8-bit 2-to-1 multiplexer                              : 6
# Logic shifters                                       : 4
 8-bit shifter logical left                            : 1
 8-bit shifter logical right                           : 1
 8-bit shifter rotate left                             : 1
 8-bit shifter rotate right                            : 1
# FSMs                                                 : 1

=========================================================================
INFO:Xst:1767 - HDL ADVISOR - Resource sharing has identified that some arithmetic operations in this design can share the same physical resources for reduced device utilization. For improved clock frequency you may try to disable resource sharing.

=========================================================================
*                       Advanced HDL Synthesis                          *
=========================================================================

Reading core <ipcore_dir/memory.ngc>.
Loading core <memory> for timing and area information for instance <cpu_memory>.

Synthesizing (advanced) Unit <cpu_instructor_copy>.
The following registers are absorbed into counter <clock_divider.counter>: 1 register on signal <clock_divider.counter>.
INFO:Xst:3218 - HDL ADVISOR - The RAM <Mram_brain.pc[4]_X_6_o_wide_mux_6_OUT> will be implemented on LUTs either because you have described an asynchronous read or because of currently unsupported block RAM features. If you have described an asynchronous read, making it synchronous would allow you to take advantage of available block RAM resources, for optimized device usage and improved timings. Please refer to your documentation for coding guidelines.
    -----------------------------------------------------------------------
    | ram_type           | Distributed                         |          |
    -----------------------------------------------------------------------
    | Port A                                                              |
    |     aspect ratio   | 32-word x 8-bit                     |          |
    |     weA            | connected to signal <GND>           | high     |
    |     addrA          | connected to signal <brain.pc>      |          |
    |     diA            | connected to signal <GND>           |          |
    |     doA            | connected to internal node          |          |
    -----------------------------------------------------------------------
INFO:Xst:3218 - HDL ADVISOR - The RAM <Mram_brain.pc[4]_X_6_o_wide_mux_15_OUT> will be implemented on LUTs either because you have described an asynchronous read or because of currently unsupported block RAM features. If you have described an asynchronous read, making it synchronous would allow you to take advantage of available block RAM resources, for optimized device usage and improved timings. Please refer to your documentation for coding guidelines.
    -----------------------------------------------------------------------
    | ram_type           | Distributed                         |          |
    -----------------------------------------------------------------------
    | Port A                                                              |
    |     aspect ratio   | 32-word x 8-bit                     |          |
    |     weA            | connected to signal <GND>           | high     |
    |     addrA          | connected to signal <n0251>         |          |
    |     diA            | connected to signal <GND>           |          |
    |     doA            | connected to internal node          |          |
    -----------------------------------------------------------------------
INFO:Xst:3218 - HDL ADVISOR - The RAM <Mram_brain.pc[4]_X_6_o_wide_mux_44_OUT> will be implemented on LUTs either because you have described an asynchronous read or because of currently unsupported block RAM features. If you have described an asynchronous read, making it synchronous would allow you to take advantage of available block RAM resources, for optimized device usage and improved timings. Please refer to your documentation for coding guidelines.
    -----------------------------------------------------------------------
    | ram_type           | Distributed                         |          |
    -----------------------------------------------------------------------
    | Port A                                                              |
    |     aspect ratio   | 32-word x 8-bit                     |          |
    |     weA            | connected to signal <GND>           | high     |
    |     addrA          | connected to signal <brain.pc[4]_GND_6_o_add_43_OUT> |          |
    |     diA            | connected to signal <GND>           |          |
    |     doA            | connected to internal node          |          |
    -----------------------------------------------------------------------
INFO:Xst:3218 - HDL ADVISOR - The RAM <Mram_brain.pc[4]_X_6_o_wide_mux_12_OUT> will be implemented on LUTs either because you have described an asynchronous read or because of currently unsupported block RAM features. If you have described an asynchronous read, making it synchronous would allow you to take advantage of available block RAM resources, for optimized device usage and improved timings. Please refer to your documentation for coding guidelines.
    -----------------------------------------------------------------------
    | ram_type           | Distributed                         |          |
    -----------------------------------------------------------------------
    | Port A                                                              |
    |     aspect ratio   | 32-word x 8-bit                     |          |
    |     weA            | connected to signal <GND>           | high     |
    |     addrA          | connected to signal <n0260>         |          |
    |     diA            | connected to signal <GND>           |          |
    |     doA            | connected to internal node          |          |
    -----------------------------------------------------------------------
INFO:Xst:3218 - HDL ADVISOR - The RAM <Mram_brain.pc[4]_X_6_o_wide_mux_94_OUT> will be implemented on LUTs either because you have described an asynchronous read or because of currently unsupported block RAM features. If you have described an asynchronous read, making it synchronous would allow you to take advantage of available block RAM resources, for optimized device usage and improved timings. Please refer to your documentation for coding guidelines.
    -----------------------------------------------------------------------
    | ram_type           | Distributed                         |          |
    -----------------------------------------------------------------------
    | Port A                                                              |
    |     aspect ratio   | 32-word x 8-bit                     |          |
    |     weA            | connected to signal <GND>           | high     |
    |     addrA          | connected to signal <brain.pc[4]_GND_6_o_add_93_OUT> |          |
    |     diA            | connected to signal <GND>           |          |
    |     doA            | connected to internal node          |          |
    -----------------------------------------------------------------------
Unit <cpu_instructor_copy> synthesized (advanced).

=========================================================================
Advanced HDL Synthesis Report

Macro Statistics
# RAMs                                                 : 5
 32x8-bit single-port distributed Read Only RAM        : 5
# Multipliers                                          : 1
 8x8-bit multiplier                                    : 1
# Adders/Subtractors                                   : 10
 5-bit adder                                           : 5
 5-bit addsub                                          : 1
 5-bit subtractor                                      : 1
 8-bit adder                                           : 1
 8-bit subtractor                                      : 1
 9-bit adder                                           : 1
# Counters                                             : 1
 23-bit up counter                                     : 1
# Registers                                            : 92
 Flip-Flops                                            : 92
# Comparators                                          : 4
 5-bit comparator greater                              : 1
 8-bit comparator not equal                            : 2
 9-bit comparator greater                              : 1
# Multiplexers                                         : 15
 1-bit 2-to-1 multiplexer                              : 2
 4-bit 2-to-1 multiplexer                              : 1
 5-bit 2-to-1 multiplexer                              : 6
 8-bit 2-to-1 multiplexer                              : 6
# Logic shifters                                       : 4
 8-bit shifter logical left                            : 1
 8-bit shifter logical right                           : 1
 8-bit shifter rotate left                             : 1
 8-bit shifter rotate right                            : 1
# FSMs                                                 : 1

=========================================================================

=========================================================================
*                         Low Level Synthesis                           *
=========================================================================
Analyzing FSM <MFsm> for best encoding.
Optimizing FSM <FSM_0> on signal <brain.delay[1:2]> with gray encoding.
-------------------
 State | Encoding
-------------------
 0000  | 00
 0001  | 01
 0010  | 11
-------------------
WARNING:Xst:1293 - FF/Latch <mem_addr_4> has a constant value of 0 in block <cpu_instructor_copy>. This FF/Latch will be trimmed during the optimization process.
WARNING:Xst:1293 - FF/Latch <mem_addr_5> has a constant value of 0 in block <cpu_instructor_copy>. This FF/Latch will be trimmed during the optimization process.
WARNING:Xst:1293 - FF/Latch <mem_addr_12> has a constant value of 0 in block <cpu_instructor_copy>. This FF/Latch will be trimmed during the optimization process.
WARNING:Xst:1293 - FF/Latch <mem_addr_13> has a constant value of 0 in block <cpu_instructor_copy>. This FF/Latch will be trimmed during the optimization process.
WARNING:Xst:1293 - FF/Latch <brain.wide_buffer_int_4> has a constant value of 0 in block <cpu_instructor_copy>. This FF/Latch will be trimmed during the optimization process.
WARNING:Xst:1293 - FF/Latch <brain.wide_buffer_int_5> has a constant value of 0 in block <cpu_instructor_copy>. This FF/Latch will be trimmed during the optimization process.
WARNING:Xst:1293 - FF/Latch <brain.wide_buffer_int_12> has a constant value of 0 in block <cpu_instructor_copy>. This FF/Latch will be trimmed during the optimization process.
WARNING:Xst:1293 - FF/Latch <brain.wide_buffer_int_13> has a constant value of 0 in block <cpu_instructor_copy>. This FF/Latch will be trimmed during the optimization process.
WARNING:Xst:1293 - FF/Latch <fsmfake0_2> has a constant value of 0 in block <cpu_instructor_copy>. This FF/Latch will be trimmed during the optimization process.
WARNING:Xst:1293 - FF/Latch <fsmfake0_3> has a constant value of 0 in block <cpu_instructor_copy>. This FF/Latch will be trimmed during the optimization process.
WARNING:Xst:1710 - FF/Latch <brain.current_opcode_4> (without init value) has a constant value of 0 in block <cpu_instructor_copy>. This FF/Latch will be trimmed during the optimization process.
WARNING:Xst:1710 - FF/Latch <brain.current_opcode_5> (without init value) has a constant value of 0 in block <cpu_instructor_copy>. This FF/Latch will be trimmed during the optimization process.

Optimizing unit <cpu_instructor_copy> ...
WARNING:Xst:1293 - FF/Latch <mem_addr_3> has a constant value of 0 in block <cpu_instructor_copy>. This FF/Latch will be trimmed during the optimization process.
WARNING:Xst:1293 - FF/Latch <mem_addr_6> has a constant value of 0 in block <cpu_instructor_copy>. This FF/Latch will be trimmed during the optimization process.
WARNING:Xst:1293 - FF/Latch <mem_addr_7> has a constant value of 0 in block <cpu_instructor_copy>. This FF/Latch will be trimmed during the optimization process.
WARNING:Xst:1293 - FF/Latch <mem_addr_8> has a constant value of 0 in block <cpu_instructor_copy>. This FF/Latch will be trimmed during the optimization process.
WARNING:Xst:1293 - FF/Latch <mem_addr_9> has a constant value of 0 in block <cpu_instructor_copy>. This FF/Latch will be trimmed during the optimization process.
WARNING:Xst:1293 - FF/Latch <mem_addr_10> has a constant value of 0 in block <cpu_instructor_copy>. This FF/Latch will be trimmed during the optimization process.
WARNING:Xst:1293 - FF/Latch <mem_addr_11> has a constant value of 0 in block <cpu_instructor_copy>. This FF/Latch will be trimmed during the optimization process.
WARNING:Xst:1293 - FF/Latch <mem_addr_15> has a constant value of 0 in block <cpu_instructor_copy>. This FF/Latch will be trimmed during the optimization process.
WARNING:Xst:1293 - FF/Latch <brain.wide_buffer_int_1> has a constant value of 0 in block <cpu_instructor_copy>. This FF/Latch will be trimmed during the optimization process.
WARNING:Xst:1293 - FF/Latch <brain.wide_buffer_int_2> has a constant value of 0 in block <cpu_instructor_copy>. This FF/Latch will be trimmed during the optimization process.
WARNING:Xst:1293 - FF/Latch <brain.wide_buffer_int_3> has a constant value of 0 in block <cpu_instructor_copy>. This FF/Latch will be trimmed during the optimization process.
WARNING:Xst:1293 - FF/Latch <brain.wide_buffer_int_6> has a constant value of 0 in block <cpu_instructor_copy>. This FF/Latch will be trimmed during the optimization process.
WARNING:Xst:1293 - FF/Latch <brain.wide_buffer_int_7> has a constant value of 0 in block <cpu_instructor_copy>. This FF/Latch will be trimmed during the optimization process.
WARNING:Xst:1293 - FF/Latch <brain.wide_buffer_int_8> has a constant value of 0 in block <cpu_instructor_copy>. This FF/Latch will be trimmed during the optimization process.
WARNING:Xst:1293 - FF/Latch <brain.wide_buffer_int_9> has a constant value of 0 in block <cpu_instructor_copy>. This FF/Latch will be trimmed during the optimization process.
WARNING:Xst:1293 - FF/Latch <brain.wide_buffer_int_10> has a constant value of 0 in block <cpu_instructor_copy>. This FF/Latch will be trimmed during the optimization process.
WARNING:Xst:1293 - FF/Latch <brain.wide_buffer_int_11> has a constant value of 0 in block <cpu_instructor_copy>. This FF/Latch will be trimmed during the optimization process.
WARNING:Xst:1293 - FF/Latch <brain.wide_buffer_int_15> has a constant value of 0 in block <cpu_instructor_copy>. This FF/Latch will be trimmed during the optimization process.
WARNING:Xst:1710 - FF/Latch <portd_buf_0> (without init value) has a constant value of 0 in block <cpu_instructor_copy>. This FF/Latch will be trimmed during the optimization process.
WARNING:Xst:1710 - FF/Latch <portd_buf_1> (without init value) has a constant value of 0 in block <cpu_instructor_copy>. This FF/Latch will be trimmed during the optimization process.
WARNING:Xst:1710 - FF/Latch <portd_buf_2> (without init value) has a constant value of 0 in block <cpu_instructor_copy>. This FF/Latch will be trimmed during the optimization process.
WARNING:Xst:1710 - FF/Latch <portd_buf_3> (without init value) has a constant value of 0 in block <cpu_instructor_copy>. This FF/Latch will be trimmed during the optimization process.
WARNING:Xst:1710 - FF/Latch <portd_buf_4> (without init value) has a constant value of 0 in block <cpu_instructor_copy>. This FF/Latch will be trimmed during the optimization process.
WARNING:Xst:1710 - FF/Latch <portd_buf_5> (without init value) has a constant value of 0 in block <cpu_instructor_copy>. This FF/Latch will be trimmed during the optimization process.
WARNING:Xst:1710 - FF/Latch <portd_buf_6> (without init value) has a constant value of 0 in block <cpu_instructor_copy>. This FF/Latch will be trimmed during the optimization process.
WARNING:Xst:1710 - FF/Latch <portd_buf_7> (without init value) has a constant value of 0 in block <cpu_instructor_copy>. This FF/Latch will be trimmed during the optimization process.
WARNING:Xst:1710 - FF/Latch <portc_buf_0> (without init value) has a constant value of 0 in block <cpu_instructor_copy>. This FF/Latch will be trimmed during the optimization process.
WARNING:Xst:1710 - FF/Latch <portc_buf_1> (without init value) has a constant value of 0 in block <cpu_instructor_copy>. This FF/Latch will be trimmed during the optimization process.
WARNING:Xst:1710 - FF/Latch <portc_buf_2> (without init value) has a constant value of 0 in block <cpu_instructor_copy>. This FF/Latch will be trimmed during the optimization process.
WARNING:Xst:1710 - FF/Latch <portc_buf_3> (without init value) has a constant value of 0 in block <cpu_instructor_copy>. This FF/Latch will be trimmed during the optimization process.
WARNING:Xst:1710 - FF/Latch <portc_buf_4> (without init value) has a constant value of 0 in block <cpu_instructor_copy>. This FF/Latch will be trimmed during the optimization process.
WARNING:Xst:1710 - FF/Latch <portc_buf_5> (without init value) has a constant value of 0 in block <cpu_instructor_copy>. This FF/Latch will be trimmed during the optimization process.
WARNING:Xst:1710 - FF/Latch <portc_buf_6> (without init value) has a constant value of 0 in block <cpu_instructor_copy>. This FF/Latch will be trimmed during the optimization process.
WARNING:Xst:1710 - FF/Latch <portc_buf_7> (without init value) has a constant value of 0 in block <cpu_instructor_copy>. This FF/Latch will be trimmed during the optimization process.
WARNING:Xst:1293 - FF/Latch <mem_addr_1> has a constant value of 0 in block <cpu_instructor_copy>. This FF/Latch will be trimmed during the optimization process.
WARNING:Xst:1293 - FF/Latch <mem_addr_2> has a constant value of 0 in block <cpu_instructor_copy>. This FF/Latch will be trimmed during the optimization process.
INFO:Xst:2261 - The FF/Latch <fsmfake0_1> in Unit <cpu_instructor_copy> is equivalent to the following FF/Latch, which will be removed : <brain.delay_FSM_FFd1> 

Mapping all equations...
Building and optimizing final netlist ...
Found area constraint ratio of 100 (+ 5) on block cpu_instructor_copy, actual ratio is 3.
FlipFlop brain.delay_FSM_FFd2 has been replicated 1 time(s)
FlipFlop brain.pc_0 has been replicated 2 time(s)
FlipFlop brain.pc_1 has been replicated 2 time(s)
FlipFlop brain.pc_2 has been replicated 1 time(s)
FlipFlop brain.pc_3 has been replicated 1 time(s)
FlipFlop brain.pc_4 has been replicated 1 time(s)

Final Macro Processing ...

=========================================================================
Final Register Report

Macro Statistics
# Registers                                            : 76
 Flip-Flops                                            : 76

=========================================================================

=========================================================================
*                           Partition Report                            *
=========================================================================

Partition Implementation Status
-------------------------------

  No Partitions were found in this design.

-------------------------------

=========================================================================
*                            Design Summary                             *
=========================================================================

Top Level Output File Name         : cpu_instructor_copy.ngc

Primitive and Black Box Usage:
------------------------------
# BELS                             : 418
#      GND                         : 2
#      INV                         : 5
#      LUT1                        : 24
#      LUT2                        : 11
#      LUT3                        : 26
#      LUT4                        : 26
#      LUT5                        : 65
#      LUT6                        : 164
#      MUXCY                       : 37
#      MUXF7                       : 17
#      VCC                         : 2
#      XORCY                       : 39
# FlipFlops/Latches                : 78
#      FD                          : 3
#      FDC                         : 23
#      FDCE                        : 13
#      FDE                         : 39
# RAMS                             : 32
#      RAMB16BWER                  : 32
# Clock Buffers                    : 2
#      BUFG                        : 1
#      BUFGP                       : 1
# IO Buffers                       : 33
#      IBUF                        : 1
#      OBUF                        : 32
# DSPs                             : 1
#      DSP48A1                     : 1

Device utilization summary:
---------------------------

Selected Device : 6slx16csg324-3 


Slice Logic Utilization: 
 Number of Slice Registers:              78  out of  18224     0%  
 Number of Slice LUTs:                  321  out of   9112     3%  
    Number used as Logic:               321  out of   9112     3%  

Slice Logic Distribution: 
 Number of LUT Flip Flop pairs used:    345
   Number with an unused Flip Flop:     267  out of    345    77%  
   Number with an unused LUT:            24  out of    345     6%  
   Number of fully used LUT-FF pairs:    54  out of    345    15%  
   Number of unique control sets:        10

IO Utilization: 
 Number of IOs:                          34
 Number of bonded IOBs:                  34  out of    232    14%  

Specific Feature Utilization:
 Number of Block RAM/FIFO:               32  out of     32   100%  
    Number using Block RAM only:         32
 Number of BUFG/BUFGCTRLs:                2  out of     16    12%  
 Number of DSP48A1s:                      1  out of     32     3%  

---------------------------
Partition Resource Summary:
---------------------------

  No Partitions were found in this design.

---------------------------


=========================================================================
Timing Report

NOTE: THESE TIMING NUMBERS ARE ONLY A SYNTHESIS ESTIMATE.
      FOR ACCURATE TIMING INFORMATION PLEASE REFER TO THE TRACE REPORT
      GENERATED AFTER PLACE-and-ROUTE.

Clock Information:
------------------
-----------------------------------+--------------------------------------------------------------------------------------------------------------------------------------+-------+
Clock Signal                       | Clock buffer(FF name)                                                                                                                | Load  |
-----------------------------------+--------------------------------------------------------------------------------------------------------------------------------------+-------+
clk                                | BUFGP                                                                                                                                | 24    |
cpu_clock                          | BUFG                                                                                                                                 | 87    |
cpu_memory/N1                      | NONE(cpu_memory/U0/xst_blk_mem_generator/gnativebmg.native_blk_mem_gen/valid.cstr/ramloop[31].ram.r/s6_init.ram/SP.SIMPLE_PRIM18.ram)| 32    |
-----------------------------------+--------------------------------------------------------------------------------------------------------------------------------------+-------+
INFO:Xst:2169 - HDL ADVISOR - Some clock signals were not automatically buffered by XST with BUFG/BUFR resources. Please use the buffer_type constraint in order to insert these buffers to the clock signals to help prevent skew problems.

Asynchronous Control Signals Information:
----------------------------------------
No asynchronous control signals found in this design

Timing Summary:
---------------
Speed Grade: -3

   Minimum period: 8.991ns (Maximum Frequency: 111.222MHz)
   Minimum input arrival time before clock: 4.415ns
   Maximum output required time after clock: 3.847ns
   Maximum combinational path delay: No path found

Timing Details:
---------------
All values displayed in nanoseconds (ns)

=========================================================================
Timing constraint: Default period analysis for Clock 'clk'
  Clock period: 3.562ns (frequency: 280.745MHz)
  Total number of paths / destination ports: 300 / 25
-------------------------------------------------------------------------
Delay:               3.562ns (Levels of Logic = 2)
  Source:            clock_divider.counter_1 (FF)
  Destination:       cpu_clock (FF)
  Source Clock:      clk rising
  Destination Clock: clk rising

  Data Path: clock_divider.counter_1 to cpu_clock
                                Gate     Net
    Cell:in->out      fanout   Delay   Delay  Logical Name (Net Name)
    ----------------------------------------  ------------
     FDC:C->Q              2   0.447   0.981  clock_divider.counter_1 (clock_divider.counter_1)
     LUT6:I0->O            1   0.203   0.827  GND_6_o_clock_divider.counter[22]_equal_192_o<22>1 (GND_6_o_clock_divider.counter[22]_equal_192_o<22>)
     LUT4:I0->O            1   0.203   0.579  GND_6_o_clock_divider.counter[22]_equal_192_o<22>5 (GND_6_o_clock_divider.counter[22]_equal_192_o)
     FDCE:CE                   0.322          cpu_clock
    ----------------------------------------
    Total                      3.562ns (1.175ns logic, 2.387ns route)
                                       (33.0% logic, 67.0% route)

=========================================================================
Timing constraint: Default period analysis for Clock 'cpu_clock'
  Clock period: 8.991ns (frequency: 111.222MHz)
  Total number of paths / destination ports: 57589 / 329
-------------------------------------------------------------------------
Delay:               8.991ns (Levels of Logic = 9)
  Source:            brain.pc_4_1 (FF)
  Destination:       brain.pc_4 (FF)
  Source Clock:      cpu_clock rising
  Destination Clock: cpu_clock rising

  Data Path: brain.pc_4_1 to brain.pc_4
                                Gate     Net
    Cell:in->out      fanout   Delay   Delay  Logical Name (Net Name)
    ----------------------------------------  ------------
     FDCE:C->Q            10   0.447   1.201  brain.pc_4_1 (brain.pc_4_1)
     LUT5:I0->O            1   0.203   0.000  GND_6_o_mem_we[0]_select_153_OUT<0>21_F (N202)
     MUXF7:I0->O          29   0.131   1.594  GND_6_o_mem_we[0]_select_153_OUT<0>21 (GND_6_o_mem_we[0]_select_153_OUT<0>2)
     LUT5:I0->O            1   0.203   0.000  _n04651_G (N219)
     MUXF7:I1->O          11   0.140   0.987  _n04651 (_n0465)
     LUT6:I4->O            1   0.203   0.944  _n0470<2>41_SW1_F (N188)
     LUT6:I0->O            1   0.203   0.580  _n0470<2>7_F (N196)
     LUT3:I2->O            2   0.205   0.721  _n0470<2>71 (_n0470<2>8)
     LUT6:I4->O            2   0.203   0.721  _n0470<2>9 (Madd_GND_6_o_GND_6_o_add_158_OUT_lut<2>)
     LUT6:I4->O            2   0.203   0.000  Mmux_GND_6_o_GND_6_o_mux_159_OUT51 (GND_6_o_GND_6_o_mux_159_OUT<4>)
     FDCE:D                    0.102          brain.pc_4
    ----------------------------------------
    Total                      8.991ns (2.243ns logic, 6.748ns route)
                                       (24.9% logic, 75.1% route)

=========================================================================
Timing constraint: Default OFFSET IN BEFORE for Clock 'clk'
  Total number of paths / destination ports: 24 / 24
-------------------------------------------------------------------------
Offset:              3.100ns (Levels of Logic = 1)
  Source:            rst (PAD)
  Destination:       cpu_clock (FF)
  Destination Clock: clk rising

  Data Path: rst to cpu_clock
                                Gate     Net
    Cell:in->out      fanout   Delay   Delay  Logical Name (Net Name)
    ----------------------------------------  ------------
     IBUF:I->O            43   1.222   1.448  rst_IBUF (rst_IBUF)
     FDCE:CLR                  0.430          cpu_clock
    ----------------------------------------
    Total                      3.100ns (1.652ns logic, 1.448ns route)
                                       (53.3% logic, 46.7% route)

=========================================================================
Timing constraint: Default OFFSET IN BEFORE for Clock 'cpu_clock'
  Total number of paths / destination ports: 53 / 53
-------------------------------------------------------------------------
Offset:              4.415ns (Levels of Logic = 2)
  Source:            rst (PAD)
  Destination:       mem_data_in_0 (FF)
  Destination Clock: cpu_clock rising

  Data Path: rst to mem_data_in_0
                                Gate     Net
    Cell:in->out      fanout   Delay   Delay  Logical Name (Net Name)
    ----------------------------------------  ------------
     IBUF:I->O            43   1.222   1.813  rst_IBUF (rst_IBUF)
     LUT6:I0->O           10   0.203   0.856  _n0334_inv1 (_n0334_inv)
     FDE:CE                    0.322          mem_data_in_0
    ----------------------------------------
    Total                      4.415ns (1.747ns logic, 2.668ns route)
                                       (39.6% logic, 60.4% route)

=========================================================================
Timing constraint: Default OFFSET OUT AFTER for Clock 'cpu_clock'
  Total number of paths / destination ports: 16 / 16
-------------------------------------------------------------------------
Offset:              3.847ns (Levels of Logic = 1)
  Source:            flags_carry (FF)
  Destination:       porta<7> (PAD)
  Source Clock:      cpu_clock rising

  Data Path: flags_carry to porta<7>
                                Gate     Net
    Cell:in->out      fanout   Delay   Delay  Logical Name (Net Name)
    ----------------------------------------  ------------
     FD:C->Q               9   0.447   0.829  flags_carry (flags_carry)
     OBUF:I->O                 2.571          porta_7_OBUF (porta<7>)
    ----------------------------------------
    Total                      3.847ns (3.018ns logic, 0.829ns route)
                                       (78.5% logic, 21.5% route)

=========================================================================

Cross Clock Domains Report:
--------------------------

Clock to Setup on destination clock clk
---------------+---------+---------+---------+---------+
               | Src:Rise| Src:Fall| Src:Rise| Src:Fall|
Source Clock   |Dest:Rise|Dest:Rise|Dest:Fall|Dest:Fall|
---------------+---------+---------+---------+---------+
clk            |    3.562|         |         |         |
---------------+---------+---------+---------+---------+

Clock to Setup on destination clock cpu_clock
---------------+---------+---------+---------+---------+
               | Src:Rise| Src:Fall| Src:Rise| Src:Fall|
Source Clock   |Dest:Rise|Dest:Rise|Dest:Fall|Dest:Fall|
---------------+---------+---------+---------+---------+
cpu_clock      |    8.991|         |         |         |
---------------+---------+---------+---------+---------+

=========================================================================


Total REAL time to Xst completion: 15.00 secs
Total CPU time to Xst completion: 14.84 secs
 
--> 


Total memory usage is 493468 kilobytes

Number of errors   :    0 (   0 filtered)
Number of warnings :   49 (   0 filtered)
Number of infos    :    8 (   0 filtered)

